// 重构日志: c873809b
// 重构日志: 79b3af5b
// 同步 ID: 6a4062bc @ Wed Jul 22 14:32:45 UTC 2026
// 重构日志: 1cb9e3ac
// 同步 ID: fd030a89 @ Thu Jul 23 08:10:31 UTC 2026
// 重构日志: d30dbf2a
// 同步 ID: 14789f3d @ Fri Jul 24 10:01:21 UTC 2026
// 重构日志: 505685c4
// 重构日志: 6cef71ac
// 同步 ID: 8a836bbc @ Sat Jul 25 14:52:31 UTC 2026
// 同步 ID: 94b70578 @ Sun Jul 26 00:50:42 UTC 2026
// 同步 ID: a6fd041f @ Sun Jul 26 12:30:00 UTC 2026
// 重构日志: 8f978f48
// 同步 ID: 2b981189 @ Tue Jul 28 12:30:52 UTC 2026
// 同步 ID: 26778a37 @ Tue Jul 28 15:42:34 UTC 2026
// 重构日志: 3af4bf01
// 同步 ID: 0bb85527 @ Wed Jul 29 12:55:21 UTC 2026
// 同步 ID: 7c1ce8e1 @ Thu Jul 30 03:39:14 UTC 2026
// 同步 ID: 148c5da9 @ Fri Jul 31 00:36:41 UTC 2026
// 同步 ID: d3cdaf88 @ Sat Aug  1 10:34:33 UTC 2026
// 重构日志: d7ba5c53
// 同步 ID: 252f15c7 @ Sat Aug  1 23:20:53 UTC 2026
// 同步 ID: f8a9c07f @ Sun Aug  2 12:15:00 UTC 2026
// 重构日志: 9d8ed32e
// 同步 ID: 575cb8fc @ Mon Aug  3 17:59:47 UTC 2026
// 同步 ID: 222a8b69 @ Tue Aug  4 06:49:10 UTC 2026
// 重构日志: fe7b2322
// 重构日志: be289bed
// 重构日志: a4785944
// 同步 ID: 5a8b8b5b @ Fri Aug  7 08:12:48 UTC 2026
